<html>
<body>
<pre>
<h1>µVision Build Log</h1>
<h2>Tool Versions:</h2>
IDE-Version: µVision V5.28.0.0
Copyright (C) 2019 ARM Ltd and ARM Germany GmbH. All rights reserved.
License Information: yususf bavaþ, student, LIC=----
 
Tool Versions:
Toolchain:       MDK-Lite  Version: 5.28.0.0
Toolchain Path:  C:\Keil_v5\ARM\ARMCLANG\Bin
C Compiler:      ArmClang.exe V6.12
Assembler:       Armasm.exe V6.12
Linker/Locator:  ArmLink.exe V6.12
Library Manager: ArmAr.exe V6.12
Hex Converter:   FromElf.exe V6.12
CPU DLL:         SARMCM3.DLL V5.28.0.0
Dialog DLL:      DCM.DLL V1.17.3.0
Target DLL:      STLink\ST-LINKIII-KEIL_SWO.dll V3.0.6.0
Dialog DLL:      TCM.DLL V1.36.2.0
 
<h2>Project:</h2>
C:\Users\batuhan\Desktop\oled\abs\MDK-ARM\abs.uvprojx
Project File Date:  12/20/2019

<h2>Output:</h2>
*** Using Compiler 'V6.12', folder: 'C:\Keil_v5\ARM\ARMCLANG\Bin'
Build target 'abs'
linking...
Program Size: Code=9544 RO-data=464 RW-data=12 ZI-data=1692  
FromELF: creating hex file...
"abs\abs.axf" - 0 Error(s), 0 Warning(s).

<h2>Software Packages used:</h2>

Package Vendor: ARM
                http://www.keil.com/pack/ARM.CMSIS.5.5.1.pack
                ARM.CMSIS.5.5.1
                CMSIS (Cortex Microcontroller Software Interface Standard)
   * Component: CORE Version: 5.2.0
   * Component: DSP Variant: Library Version: 1.6.0

Package Vendor: Keil
                http://www.keil.com/pack/Keil.STM32F4xx_DFP.2.14.0.pack
                Keil.STM32F4xx_DFP.2.14.0
                STMicroelectronics STM32F4 Series Device Support, Drivers and Examples

<h2>Collection of Component include folders:</h2>
  .\RTE\_abs
  C:\Users\batuhan\AppData\Local\Arm\Packs\ARM\CMSIS\5.5.1\CMSIS\Core\Include
  C:\Users\batuhan\AppData\Local\Arm\Packs\ARM\CMSIS\5.5.1\CMSIS\DSP\Include
  C:\Users\batuhan\AppData\Local\Arm\Packs\Keil\STM32F4xx_DFP\2.14.0\Drivers\CMSIS\Device\ST\STM32F4xx\Include

<h2>Collection of Component Files used:</h2>

   * Component: ARM::CMSIS:CORE:5.2.0

   * Component: ARM::CMSIS:DSP:Library:1.6.0
      Include file:  CMSIS\DSP\Include\arm_math.h
      Library file:  CMSIS\DSP\Lib\ARM\arm_cortexM4lf_math.lib
Build Time Elapsed:  00:00:02
</pre>
</body>
</html>
